2025-08-18T15:18:40Z PASS
